Microchip MPLAB XC8 Compiler V1.32 ()

Linker command line:

--edf=C:\Program Files (x86)\Microchip\xc8\v1.32\dat\en_msgs.txt -cs \
  -h+dist/default/production\test.X.production.sym \
  --cmf=dist/default/production\test.X.production.cmf -z -Q18F4550 \
  -oC:\Users\Aluno\AppData\Local\Temp\s2dg.6 \
  -Mdist/default/production/test.X.production.map -E1 -ver=XC8 \
  -ASTACK=0CFh-07ffh -pstack=STACK -ACODE=0800h-07FFFh -ACONST=0800h-07FFFh \
  -ASMALLCONST=0800h-08FFhx120 -AMEDIUMCONST=0800h-07FFFh -ACOMRAM=01h-05Fh \
  -AABS1=00h-07FFh -ABIGRAM=01h-07FFh -ARAM=060h-0FFh,0100h-01FFhx7 \
  -ABANK0=060h-0FFh -ABANK1=0100h-01FFh -ABANK2=0200h-02FFh \
  -ABANK3=0300h-03FFh -ABANK4=0400h-04FFh -ABANK5=0500h-05FFh \
  -ABANK6=0600h-06FFh -ABANK7=0700h-07FFh -ASFR=0F60h-0FFFh \
  -preset_vec=0800h,intcode=0808h,intcodelo,powerup,init,end_init \
  -pramtop=0800h -psmallconst=SMALLCONST -pmediumconst=MEDIUMCONST \
  -pconst=CONST -AFARRAM=00h-00h -ACONFIG=0300000h-030000Dh -pconfig=CONFIG \
  -AIDLOC=0200000h-0200007h -pidloc=IDLOC -AEEDATA=0F00000h-0F000FFh \
  -peeprom_data=EEDATA \
  -prdata=COMRAM,nvrram=COMRAM,nvbit=COMRAM,rbss=COMRAM,rbit=COMRAM \
  -pfarbss=FARRAM,fardata=FARRAM,nvFARRAM=FARRAM \
  -pintsave_regs=BIGRAM,bigbss=BIGRAM,bigdata=BIGRAM -pbss=RAM \
  -pidata=CODE,irdata=CODE,ibigdata=CODE,ifardata=CODE \
  C:\Users\Aluno\AppData\Local\Temp\s2dg.obj \
  dist/default/production\test.X.production.obj 

Object code version is 3.11

Machine type is 18F4550

Call graph: (short form)




                Name                               Link     Load   Length Selector   Space Scale
C:\Users\Aluno\AppData\Local\Temp\s2dg.obj
                end_init                            818      818        4      404       0
                reset_vec                           800      800        4      400       0
                idloc                            200000   200000        8   200000       0
                config                           300000   300000        E   300000       0
dist/default/production\test.X.production.obj
                intcode                             808      808       10      404       0
                smallconst                          81C      81C       48      40E       0
                text26                             1946     1946        E      C9C       0
                intcode_body                       12E8     12E8       A8      432       0
                text24                             16BE     16BE       56      432       0
                text23                             1918     1918       10      432       0
                text22                             18DC     18DC       20      432       0
                text21                              F54      F54      1A2      432       0
                text20                             1884     1884       2E      432       0
                text19                              AC8      AC8      258      432       0
                text18                             14D0     14D0       9E      432       0
                text17                             1714     1714       52      432       0
                text16                             156E     156E       82      432       0
                text15                             1658     1658       66      432       0
                text14                              864      864      264      432       0
                text13                             17E2     17E2       3A      432       0
                text12                             1432     1432       9E      432       0
                text11                             18B2     18B2       2A      432       0
                text10                             10F6     10F6      136      432       0
                text9                              1854     1854       30      432       0
                text8                              17A8     17A8       3A      432       0
                text7                              15F0     15F0       68      432       0
                text6                              181C     181C       38      432       0
                text5                              18FC     18FC       1C      432       0
                text4                               D20      D20      234      432       0
                text3                              122C     122C       BC      432       0
                text2                              1938     1938        E      C9C       0
                text1                              1390     1390       A2      432       0
                text0                              1954     1954        A      C9C       0
                cstackCOMRAM                          1        1       42        1       1
                cstackBANK0                          C0       C0        F       60       1
                dataBANK0                            B1       B1        F       60       1
                bssBANK0                             60       60       42       60       1
                bssCOMRAM                            43       43        A        1       1
                cinit                              1766     1766       42      432       0
                nvBANK0                              A2       A2        F       60       1
                nvCOMRAM                             4D       4D        2        1       1
                idataBANK0                         1928     1928        F      432       0

TOTAL           Name                               Link     Load   Length     Space
        CLASS   STACK          

        CLASS   CODE           
                end_init                            818      818        4         0
                intcode                             808      808       10         0
                reset_vec                           800      800        4         0
                text26                             1946     1946        E         0
                intcode_body                       12E8     12E8       A8         0
                text24                             16BE     16BE       56         0
                text23                             1918     1918       10         0
                text22                             18DC     18DC       20         0
                text21                              F54      F54      1A2         0
                text20                             1884     1884       2E         0
                text19                              AC8      AC8      258         0
                text18                             14D0     14D0       9E         0
                text17                             1714     1714       52         0
                text16                             156E     156E       82         0
                text15                             1658     1658       66         0
                text14                              864      864      264         0
                text13                             17E2     17E2       3A         0
                text12                             1432     1432       9E         0
                text11                             18B2     18B2       2A         0
                text10                             10F6     10F6      136         0
                text9                              1854     1854       30         0
                text8                              17A8     17A8       3A         0
                text7                              15F0     15F0       68         0
                text6                              181C     181C       38         0
                text5                              18FC     18FC       1C         0
                text4                               D20      D20      234         0
                text3                              122C     122C       BC         0
                text2                              1938     1938        E         0
                text1                              1390     1390       A2         0
                text0                              1954     1954        A         0
                cinit                              1766     1766       42         0
                idataBANK0                         1928     1928        F         0

        CLASS   CONST          

        CLASS   SMALLCONST     
                smallconst                          81C      81C       48         0

        CLASS   MEDIUMCONST    

        CLASS   COMRAM         
                cstackCOMRAM                          1        1       42         1
                bssCOMRAM                            43       43        A         1
                nvCOMRAM                             4D       4D        2         1

        CLASS   ABS1           

        CLASS   BIGRAM         

        CLASS   RAM            

        CLASS   BANK0          
                cstackBANK0                          C0       C0        F         1
                dataBANK0                            B1       B1        F         1
                bssBANK0                             60       60       42         1
                nvBANK0                              A2       A2        F         1

        CLASS   BANK1          

        CLASS   BANK2          

        CLASS   BANK3          

        CLASS   BANK4          

        CLASS   BANK5          

        CLASS   BANK6          

        CLASS   BANK7          

        CLASS   SFR            

        CLASS   FARRAM         

        CLASS   CONFIG         
                config                           300000   300000        E         0

        CLASS   IDLOC          
                idloc                            200000   200000        8         0

        CLASS   EEDATA         



SEGMENTS        Name                           Load    Length   Top    Selector   Space  Class

                cstackCOMRAM                   000001  00004E  00004F         1       1  COMRAM  
                bssBANK0                       000060  00006F  0000CF        60       1  BANK0   
                reset_vec                      000800  000004  000804       400       0  CODE    
                intcode                        000808  000014  00081C       404       0  CODE    
                smallconst                     00081C  000048  000864       40E       0  SMALLCON
                text14                         000864  0010D3  001937       432       0  CODE    
                text2                          001938  000026  00195E       C9C       0  CODE    
                idloc                          200000  000008  200008    200000       0  IDLOC   
                config                         300000  00000E  30000E    300000       0  CONFIG  


UNUSED ADDRESS RANGES

        Name                Unused          Largest block    Delta
        BANK0            0000CF-0000FF               31
        BANK1            000100-0001FF              100
        BANK2            000200-0002FF              100
        BANK3            000300-0003FF              100
        BANK4            000400-0004FF              100
        BANK5            000500-0005FF              100
        BANK6            000600-0006FF              100
        BANK7            000700-0007FF              100
        BIGRAM           00004F-00005F               11
                         0000CF-0007FF              731
        CODE             000804-000807                4
                         001937-001937                1
                         00195E-007FFF             66A2
        COMRAM           00004F-00005F               11
        CONST            000804-000807                4
                         001937-001937                1
                         00195E-007FFF             66A2
        EEDATA           F00000-F000FF              100
        FARRAM           000000-000000                1
        MEDIUMCONST      000804-000807                4
                         001937-001937                1
                         00195E-007FFF             66A2
        RAM              0000CF-0007FF              100
        SFR              000F60-000FFF               A0
        SMALLCONST       000804-000807                4
                         001937-001937                1
                         00195E-007FFF              100
        STACK            0000CF-0007FF              731

                                  Symbol Table

?___lldiv                        cstackCOMRAM 00001B
?___llmod                        cstackCOMRAM 000028
?___lmul                         cstackCOMRAM 00000F
?_digitalRead                    cstackCOMRAM 00000F
?_lcd_get                        cstackCOMRAM 00000F
?_sprintf                        cstackCOMRAM 000031
Delay1KTCYx@unit                 cstackCOMRAM 00000F
OpenRB0INT@config                cstackCOMRAM 00000F
OpenRB1INT@config                cstackCOMRAM 00000F
_ADCON0                          (abs)        000FC2
_ADCON0bits                      (abs)        000FC2
_ADCON1                          (abs)        000FC1
_ADCON2                          (abs)        000FC0
_ADRESH                          (abs)        000FC4
_ADRESL                          (abs)        000FC3
_ArduimInterruptHandler          intcode      000808
_CCP1CON                         (abs)        000FBD
_CCPR1L                          (abs)        000FBE
_Delay1KTCYx                     text23       001918
_INTCON2bits                     (abs)        000FF1
_INTCON3bits                     (abs)        000FF0
_INTCONbits                      (abs)        000FF2
_OpenRB0INT                      text9        001854
_OpenRB1INT                      text8        0017A8
_PIE1bits                        (abs)        000F9D
_PIR1bits                        (abs)        000F9E
_PORTA                           (abs)        000F80
_PORTAbits                       (abs)        000F80
_PORTB                           (abs)        000F81
_PORTBbits                       (abs)        000F81
_PORTC                           (abs)        000F82
_PORTCbits                       (abs)        000F82
_PORTD                           (abs)        000F83
_PORTDbits                       (abs)        000F83
_PORTE                           (abs)        000F84
_PORTEbits                       (abs)        000F84
_PR2                             (abs)        000FCB
_T2CONbits                       (abs)        000FCA
_TRISA                           (abs)        000F92
_TRISAbits                       (abs)        000F92
_TRISB                           (abs)        000F93
_TRISBbits                       (abs)        000F93
_TRISC                           (abs)        000F94
_TRISCbits                       (abs)        000F94
_TRISD                           (abs)        000F95
_TRISDbits                       (abs)        000F95
_TRISE                           (abs)        000F96
_TRISEbits                       (abs)        000F96
__CFG_FOSC$HSPLL_HS              (abs)        000000
__CFG_LVP$OFF                    (abs)        000000
__CFG_PBADEN$OFF                 (abs)        000000
__CFG_PLLDIV$5                   (abs)        000000
__CFG_USBDIV$2                   (abs)        000000
__CFG_VREGEN$ON                  (abs)        000000
__CFG_WDT$OFF                    (abs)        000000
__CFG_WRTB$ON                    (abs)        000000
__HRAM                           (abs)        000000
__Habs1                          abs1         000000
__Hbank0                         bank0        000000
__Hbank1                         bank1        000000
__Hbank2                         bank2        000000
__Hbank3                         bank3        000000
__Hbank4                         bank4        000000
__Hbank5                         bank5        000000
__Hbank6                         bank6        000000
__Hbank7                         bank7        000000
__Hbigbss                        bigbss       000000
__Hbigdata                       bigdata      000000
__Hbigram                        bigram       000000
__Hbss                           bss          000000
__HbssBANK0                      bssBANK0     000000
__HbssCOMRAM                     bssCOMRAM    000000
__Hcinit                         cinit        000000
__Hclrtext                       clrtext      000000
__Hcomram                        comram       000000
__Hconfig                        config       30000E
__Hconst                         const        000000
__HcstackBANK0                   cstackBANK0  000000
__HcstackCOMRAM                  cstackCOMRAM 000000
__Hdata                          data         000000
__HdataBANK0                     dataBANK0    000000
__Heeprom_data                   eeprom_data  000000
__Hend_init                      end_init     00081C
__Hfarbss                        farbss       000000
__Hfardata                       fardata      000000
__Hibigdata                      ibigdata     000000
__Hidata                         idata        000000
__HidataBANK0                    idataBANK0   000000
__Hidloc                         idloc        200008
__Hifardata                      ifardata     000000
__Hinit                          init         000818
__Hintcode                       intcode      000818
__Hintcode_body                  intcode_body 000000
__Hintcodelo                     intcodelo    000818
__Hintentry                      intentry     000000
__Hintret                        intret       000000
__Hintsave_regs                  intsave_regs 000000
__Hirdata                        irdata       000000
__Hmediumconst                   mediumconst  000000
__HnvBANK0                       nvBANK0      000000
__HnvCOMRAM                      nvCOMRAM     000000
__HnvFARRAM                      nvFARRAM     000000
__Hnvbit                         nvbit        000000
__Hnvrram                        nvrram       000000
__Hparam                         rparam       000000
__Hpowerup                       powerup      000818
__Hram                           ram          000000
__Hramtop                        ramtop       000800
__Hrbit                          rbit         000000
__Hrbss                          rbss         000000
__Hrdata                         rdata        000000
__Hreset_vec                     reset_vec    000804
__Hrparam                        rparam       000000
__Hsfr                           sfr          000000
__Hsmallconst                    smallconst   000864
__Hspace_0                       (abs)        30000E
__Hspace_1                       (abs)        0000CF
__Hspace_2                       (abs)        000000
__Hstack                         stack        000000
__Hstruct                        struct       000000
__Htemp                          temp         000000
__Htext                          text         000000
__Htext0                         text0        000000
__Htext1                         text1        000000
__Htext10                        text10       000000
__Htext11                        text11       000000
__Htext12                        text12       000000
__Htext13                        text13       000000
__Htext14                        text14       000000
__Htext15                        text15       000000
__Htext16                        text16       000000
__Htext17                        text17       000000
__Htext18                        text18       000000
__Htext19                        text19       000000
__Htext2                         text2        000000
__Htext20                        text20       000000
__Htext21                        text21       000000
__Htext22                        text22       000000
__Htext23                        text23       000000
__Htext24                        text24       000000
__Htext26                        text26       000000
__Htext27                        text27       000000
__Htext3                         text3        000000
__Htext4                         text4        000000
__Htext5                         text5        000000
__Htext6                         text6        000000
__Htext7                         text7        000000
__Htext8                         text8        000000
__Htext9                         text9        000000
__LRAM                           (abs)        000001
__Labs1                          abs1         000000
__Lbank0                         bank0        000000
__Lbank1                         bank1        000000
__Lbank2                         bank2        000000
__Lbank3                         bank3        000000
__Lbank4                         bank4        000000
__Lbank5                         bank5        000000
__Lbank6                         bank6        000000
__Lbank7                         bank7        000000
__Lbigbss                        bigbss       000000
__Lbigdata                       bigdata      000000
__Lbigram                        bigram       000000
__Lbss                           bss          000000
__LbssBANK0                      bssBANK0     000000
__LbssCOMRAM                     bssCOMRAM    000000
__Lcinit                         cinit        000000
__Lclrtext                       clrtext      000000
__Lcomram                        comram       000000
__Lconfig                        config       300000
__Lconst                         const        000000
__LcstackBANK0                   cstackBANK0  000000
__LcstackCOMRAM                  cstackCOMRAM 000000
__Ldata                          data         000000
__LdataBANK0                     dataBANK0    000000
__Leeprom_data                   eeprom_data  000000
__Lend_init                      end_init     000818
__Lfarbss                        farbss       000000
__Lfardata                       fardata      000000
__Libigdata                      ibigdata     000000
__Lidata                         idata        000000
__LidataBANK0                    idataBANK0   000000
__Lidloc                         idloc        200000
__Lifardata                      ifardata     000000
__Linit                          init         000818
__Lintcode                       intcode      000808
__Lintcode_body                  intcode_body 000000
__Lintcodelo                     intcodelo    000818
__Lintentry                      intentry     000000
__Lintret                        intret       000000
__Lintsave_regs                  intsave_regs 000000
__Lirdata                        irdata       000000
__Lmediumconst                   mediumconst  000000
__LnvBANK0                       nvBANK0      000000
__LnvCOMRAM                      nvCOMRAM     000000
__LnvFARRAM                      nvFARRAM     000000
__Lnvbit                         nvbit        000000
__Lnvrram                        nvrram       000000
__Lparam                         rparam       000000
__Lpowerup                       powerup      000818
__Lram                           ram          000000
__Lramtop                        ramtop       000800
__Lrbit                          rbit         000000
__Lrbss                          rbss         000000
__Lrdata                         rdata        000000
__Lreset_vec                     reset_vec    000800
__Lrparam                        rparam       000000
__Lsfr                           sfr          000000
__Lsmallconst                    smallconst   00081C
__Lspace_0                       (abs)        000000
__Lspace_1                       (abs)        000000
__Lspace_2                       (abs)        000000
__Lstack                         stack        000000
__Lstruct                        struct       000000
__Ltemp                          temp         000000
__Ltext                          text         000000
__Ltext0                         text0        000000
__Ltext1                         text1        000000
__Ltext10                        text10       000000
__Ltext11                        text11       000000
__Ltext12                        text12       000000
__Ltext13                        text13       000000
__Ltext14                        text14       000000
__Ltext15                        text15       000000
__Ltext16                        text16       000000
__Ltext17                        text17       000000
__Ltext18                        text18       000000
__Ltext19                        text19       000000
__Ltext2                         text2        000000
__Ltext20                        text20       000000
__Ltext21                        text21       000000
__Ltext22                        text22       000000
__Ltext23                        text23       000000
__Ltext24                        text24       000000
__Ltext26                        text26       000000
__Ltext27                        text27       000000
__Ltext3                         text3        000000
__Ltext4                         text4        000000
__Ltext5                         text5        000000
__Ltext6                         text6        000000
__Ltext7                         text7        000000
__Ltext8                         text8        000000
__Ltext9                         text9        000000
__S0                             (abs)        30000E
__S1                             (abs)        0000CF
__S2                             (abs)        000000
___inthi_sp                      stack        000000
___intlo_sp                      stack        000000
___lldiv                         text16       00156E
___lldiv@counter                 cstackCOMRAM 000027
___lldiv@dividend                cstackCOMRAM 00001B
___lldiv@divisor                 cstackCOMRAM 00001F
___lldiv@quotient                cstackCOMRAM 000023
___llmod                         text15       001658
___llmod@counter                 cstackCOMRAM 000030
___llmod@dividend                cstackCOMRAM 000028
___llmod@divisor                 cstackCOMRAM 00002C
___lmul                          text24       0016BE
___lmul@multiplicand             cstackCOMRAM 000013
___lmul@multiplier               cstackCOMRAM 00000F
___lmul@product                  cstackCOMRAM 000017
___sp                            stack        000000
__accesstop                      (abs)        000060
__activetblptr                   (abs)        000002
__end_of_ArduimInterruptHandler  intcode_body 001390
__end_of_Delay1KTCYx             text23       001928
__end_of_OpenRB0INT              text9        001884
__end_of_OpenRB1INT              text8        0017E2
__end_of___lldiv                 text16       0015F0
__end_of___llmod                 text15       0016BE
__end_of___lmul                  text24       001714
__end_of__initialization         cinit        00179E
__end_of__stringdata             smallconst   000862
__end_of_attachInterrupt         text7        001658
__end_of_counter                 text26       001954
__end_of_delay                   text22       0018FC
__end_of_delayMicroseconds       text20       0018B2
__end_of_digitalRead             text21       0010F6
__end_of_digitalWrite            text19       000D20
__end_of_dpowers                 smallconst   000845
__end_of_lcd_clear               text5        001918
__end_of_lcd_cmd                 text12       0014D0
__end_of_lcd_data                text18       00156E
__end_of_lcd_get                 text6        001854
__end_of_lcd_init                text3        0012E8
__end_of_lcd_print               text17       001766
__end_of_lcd_printl              text13       00181C
__end_of_lcd_select              text2        001946
__end_of_lcd_set_cursor          text11       0018DC
__end_of_loop                    text10       00122C
__end_of_main                    text0        00195E
__end_of_pinMode                 text4        000F54
__end_of_setup                   text1        001432
__end_of_sprintf                 text14       000AC8
__initialization                 cinit        001766
__mediumconst                    mediumconst  000000
__pbssBANK0                      bssBANK0     000060
__pbssCOMRAM                     bssCOMRAM    000043
__pcinit                         cinit        001766
__pcstackBANK0                   cstackBANK0  0000C0
__pcstackCOMRAM                  cstackCOMRAM 000001
__pdataBANK0                     dataBANK0    0000B1
__pidataBANK0                    idataBANK0   001928
__pintcode                       intcode      000808
__pintcode_body                  intcode_body 0012E8
__pnvBANK0                       nvBANK0      0000A2
__pnvCOMRAM                      nvCOMRAM     00004D
__psmallconst                    smallconst   00081C
__ptext0                         text0        001954
__ptext1                         text1        001390
__ptext10                        text10       0010F6
__ptext11                        text11       0018B2
__ptext12                        text12       001432
__ptext13                        text13       0017E2
__ptext14                        text14       000864
__ptext15                        text15       001658
__ptext16                        text16       00156E
__ptext17                        text17       001714
__ptext18                        text18       0014D0
__ptext19                        text19       000AC8
__ptext2                         text2        001938
__ptext20                        text20       001884
__ptext21                        text21       000F54
__ptext22                        text22       0018DC
__ptext23                        text23       001918
__ptext24                        text24       0016BE
__ptext26                        text26       001946
__ptext27                        text27       000000
__ptext3                         text3        00122C
__ptext4                         text4        000D20
__ptext5                         text5        0018FC
__ptext6                         text6        00181C
__ptext7                         text7        0015F0
__ptext8                         text8        0017A8
__ptext9                         text9        001854
__ramtop                         ramtop       000800
__size_of_ArduimInterruptHandler (abs)        000000
__size_of_Delay1KTCYx            (abs)        000000
__size_of_OpenRB0INT             (abs)        000000
__size_of_OpenRB1INT             (abs)        000000
__size_of___lldiv                (abs)        000000
__size_of___llmod                (abs)        000000
__size_of___lmul                 (abs)        000000
__size_of_attachInterrupt        (abs)        000000
__size_of_counter                (abs)        000000
__size_of_delay                  (abs)        000000
__size_of_delayMicroseconds      (abs)        000000
__size_of_digitalRead            (abs)        000000
__size_of_digitalWrite           (abs)        000000
__size_of_lcd_clear              (abs)        000000
__size_of_lcd_cmd                (abs)        000000
__size_of_lcd_data               (abs)        000000
__size_of_lcd_get                (abs)        000000
__size_of_lcd_init               (abs)        000000
__size_of_lcd_print              (abs)        000000
__size_of_lcd_printl             (abs)        000000
__size_of_lcd_select             (abs)        000000
__size_of_lcd_set_cursor         (abs)        000000
__size_of_loop                   (abs)        000000
__size_of_main                   (abs)        000000
__size_of_pinMode                (abs)        000000
__size_of_setup                  (abs)        000000
__size_of_sprintf                (abs)        000000
__smallconst                     smallconst   00081C
__stringdata                     smallconst   000845
_attachInterrupt                 text7        0015F0
_count                           bssCOMRAM    000043
_counter                         text26       001946
_delay                           text22       0018DC
_delayMicroseconds               text20       001884
_digitalRead                     text21       000F54
_digitalWrite                    text19       000AC8
_dpowers                         smallconst   00081D
_interrupt_list                  bssCOMRAM    000047
_lcd                             nvBANK0      0000A2
_lcd_clear                       text5        0018FC
_lcd_cmd                         text12       001432
_lcd_data                        text18       0014D0
_lcd_get                         text6        00181C
_lcd_init                        text3        00122C
_lcd_print                       text17       001714
_lcd_printc                      (abs)        000000
_lcd_printi                      (abs)        000000
_lcd_printl                      text13       0017E2
_lcd_select                      text2        001938
_lcd_selected                    nvCOMRAM     00004D
_lcd_set_cursor                  text11       0018B2
_lcd_set_cursor$1121             cstackCOMRAM 000018
_loop                            text10       0010F6
_main                            text0        001954
_pinMode                         text4        000D20
_setup                           text1        001390
_sprintf                         text14       000864
attachInterrupt@callback         cstackCOMRAM 000010
attachInterrupt@mode             cstackCOMRAM 000012
attachInterrupt@pin              cstackCOMRAM 000014
delay@time                       cstackCOMRAM 000010
delayMicroseconds@i              cstackCOMRAM 000011
delayMicroseconds@time           cstackCOMRAM 00000F
digitalRead@pin                  cstackCOMRAM 000012
digitalWrite@level               cstackCOMRAM 000013
digitalWrite@pin                 cstackCOMRAM 000014
end_of_initialization            cinit        00179E
int_func                         intcode_body 0012E8
intlevel0                        text         000000
intlevel1                        text         000000
intlevel2                        text         000000
intlevel3                        text         000000
lcd_cmd@cmd                      cstackCOMRAM 000015
lcd_data@data                    cstackCOMRAM 000015
lcd_get@F5483                    dataBANK0    0000B1
lcd_get@b                        cstackCOMRAM 000020
lcd_get@en                       cstackCOMRAM 00000F
lcd_get@port                     cstackCOMRAM 000010
lcd_get@rs                       cstackCOMRAM 00001F
lcd_print@s                      cstackCOMRAM 000016
lcd_printc@fmt                   bssCOMRAM    00004B
lcd_printi@fmt                   bssBANK0     000060
lcd_printl@fmt                   bssBANK0     000081
lcd_printl@l                     cstackCOMRAM 00003F
lcd_select@lcd_ptr               cstackCOMRAM 000016
lcd_set_cursor@column            cstackCOMRAM 000017
lcd_set_cursor@line              cstackCOMRAM 000016
loop@rpm                         cstackBANK0  0000CB
pinMode@mode                     cstackCOMRAM 00000F
pinMode@pin                      cstackCOMRAM 000010
sprintf@_val                     cstackBANK0  0000C5
sprintf@ap                       cstackBANK0  0000C2
sprintf@c                        cstackBANK0  0000CA
sprintf@f                        cstackCOMRAM 000033
sprintf@flag                     cstackBANK0  0000C4
sprintf@prec                     cstackBANK0  0000C0
sprintf@sp                       cstackCOMRAM 000031
stackhi                          (abs)        0007FF
stacklo                          (abs)        0000CF
start                            init         000818
start_initialization             cinit        001766


FUNCTION INFORMATION:

 *************** function _main *****************
 Defined at:
		line 6 in file "../test/../include/../src/arduim.c"
 Parameters:    Size  Location     Type
		None
 Auto vars:     Size  Location     Type
		None
 Return value:  Size  Location     Type
		None               void
 Registers used:
		wreg, fsr0l, fsr0h, fsr1l, fsr1h, fsr2l, fsr2h, status,2, status,0, pclat, tosl, tblptrl, tblptrh, tblptru, prodl, prodh, cstack
 Tracked objects:
		On entry : 
		On exit  : 
		Unchanged: 
 Data sizes:     COMRAM   BANK0   BANK1   BANK2   BANK3   BANK4   BANK5   BANK6   BANK7
      Params:         0       0       0       0       0       0       0       0       0
      Locals:         0       0       0       0       0       0       0       0       0
      Temps:          0       0       0       0       0       0       0       0       0
      Totals:         0       0       0       0       0       0       0       0       0
Total ram usage:        0 bytes
 Hardware stack levels required when called:    8
 This function calls:
		_loop
		_setup
 This function is called by:
		Startup code after reset
 This function uses a non-reentrant model


 *************** function _setup *****************
 Defined at:
		line 14 in file "../test/test_tachometer.c"
 Parameters:    Size  Location     Type
		None
 Auto vars:     Size  Location     Type
		None
 Return value:  Size  Location     Type
		None               void
 Registers used:
		wreg, fsr0l, fsr0h, fsr1l, fsr1h, fsr2l, fsr2h, status,2, status,0, pclat, tosl, tblptrl, tblptrh, tblptru, cstack
 Tracked objects:
		On entry : 
		On exit  : 
		Unchanged: 
 Data sizes:     COMRAM   BANK0   BANK1   BANK2   BANK3   BANK4   BANK5   BANK6   BANK7
      Params:         0       0       0       0       0       0       0       0       0
      Locals:         0       0       0       0       0       0       0       0       0
      Temps:          0       0       0       0       0       0       0       0       0
      Totals:         0       0       0       0       0       0       0       0       0
Total ram usage:        0 bytes
 Hardware stack levels used:    1
 Hardware stack levels required when called:    7
 This function calls:
		_attachInterrupt
		_lcd_get
		_lcd_print
		_lcd_select
		_lcd_set_cursor
		_pinMode
 This function is called by:
		_main
 This function uses a non-reentrant model


 *************** function _lcd_select *****************
 Defined at:
		line 5 in file "../test/../include/../src/lcd.c"
 Parameters:    Size  Location     Type
  lcd_ptr         2   21[COMRAM] PTR struct .
		 -> lcd(15), 
 Auto vars:     Size  Location     Type
		None
 Return value:  Size  Location     Type
		None               void
 Registers used:
		wreg, fsr2l, fsr2h, status,2, status,0, cstack
 Tracked objects:
		On entry : 
		On exit  : 
		Unchanged: 
 Data sizes:     COMRAM   BANK0   BANK1   BANK2   BANK3   BANK4   BANK5   BANK6   BANK7
      Params:         2       0       0       0       0       0       0       0       0
      Locals:         0       0       0       0       0       0       0       0       0
      Temps:          0       0       0       0       0       0       0       0       0
      Totals:         2       0       0       0       0       0       0       0       0
Total ram usage:        2 bytes
 Hardware stack levels used:    1
 Hardware stack levels required when called:    6
 This function calls:
		_lcd_init
 This function is called by:
		_setup
 This function uses a non-reentrant model


 *************** function _lcd_init *****************
 Defined at:
		line 29 in file "../test/../include/../src/lcd.c"
 Parameters:    Size  Location     Type
		None
 Auto vars:     Size  Location     Type
		None
 Return value:  Size  Location     Type
		None               void
 Registers used:
		wreg, fsr2l, fsr2h, status,2, status,0, cstack
 Tracked objects:
		On entry : 
		On exit  : 
		Unchanged: 
 Data sizes:     COMRAM   BANK0   BANK1   BANK2   BANK3   BANK4   BANK5   BANK6   BANK7
      Params:         0       0       0       0       0       0       0       0       0
      Locals:         0       0       0       0       0       0       0       0       0
      Temps:          0       0       0       0       0       0       0       0       0
      Totals:         0       0       0       0       0       0       0       0       0
Total ram usage:        0 bytes
 Hardware stack levels used:    1
 Hardware stack levels required when called:    5
 This function calls:
		_digitalWrite
		_lcd_clear
		_lcd_cmd
		_pinMode
 This function is called by:
		_lcd_select
 This function uses a non-reentrant model


 *************** function _pinMode *****************
 Defined at:
		line 13 in file "../test/../include/../src/arduim.c"
 Parameters:    Size  Location     Type
  pin             1    wreg     unsigned char 
  mode            1   14[COMRAM] unsigned char 
 Auto vars:     Size  Location     Type
  pin             1   15[COMRAM] unsigned char 
 Return value:  Size  Location     Type
		None               void
 Registers used:
		wreg, status,2, status,0
 Tracked objects:
		On entry : 
		On exit  : 
		Unchanged: 
 Data sizes:     COMRAM   BANK0   BANK1   BANK2   BANK3   BANK4   BANK5   BANK6   BANK7
      Params:         1       0       0       0       0       0       0       0       0
      Locals:         1       0       0       0       0       0       0       0       0
      Temps:          0       0       0       0       0       0       0       0       0
      Totals:         2       0       0       0       0       0       0       0       0
Total ram usage:        2 bytes
 Hardware stack levels used:    1
 Hardware stack levels required when called:    2
 This function calls:
		Nothing
 This function is called by:
		_lcd_init
		_setup
 This function uses a non-reentrant model


 *************** function _lcd_clear *****************
 Defined at:
		line 114 in file "../test/../include/../src/lcd.c"
 Parameters:    Size  Location     Type
		None
 Auto vars:     Size  Location     Type
		None
 Return value:  Size  Location     Type
		None               void
 Registers used:
		wreg, fsr2l, fsr2h, status,2, status,0, cstack
 Tracked objects:
		On entry : 
		On exit  : 
		Unchanged: 
 Data sizes:     COMRAM   BANK0   BANK1   BANK2   BANK3   BANK4   BANK5   BANK6   BANK7
      Params:         0       0       0       0       0       0       0       0       0
      Locals:         0       0       0       0       0       0       0       0       0
      Temps:          0       0       0       0       0       0       0       0       0
      Totals:         0       0       0       0       0       0       0       0       0
Total ram usage:        0 bytes
 Hardware stack levels used:    1
 Hardware stack levels required when called:    4
 This function calls:
		_delay
		_lcd_cmd
 This function is called by:
		_lcd_init
 This function uses a non-reentrant model


 *************** function _lcd_get *****************
 Defined at:
		line 11 in file "../test/../include/../src/lcd.c"
 Parameters:    Size  Location     Type
  rs              1    wreg     unsigned char 
  en              1   14[COMRAM] unsigned char 
  port            1   15[COMRAM] unsigned char 
 Auto vars:     Size  Location     Type
  rs              1   30[COMRAM] unsigned char 
  b              15   31[COMRAM] struct .
 Return value:  Size  Location     Type
                  15   14[COMRAM] struct .
 Registers used:
		wreg, fsr0l, fsr0h, fsr1l, fsr1h, fsr2l, fsr2h, status,2, status,0
 Tracked objects:
		On entry : 
		On exit  : 
		Unchanged: 
 Data sizes:     COMRAM   BANK0   BANK1   BANK2   BANK3   BANK4   BANK5   BANK6   BANK7
      Params:        16       0       0       0       0       0       0       0       0
      Locals:        16       0       0       0       0       0       0       0       0
      Temps:          0       0       0       0       0       0       0       0       0
      Totals:        32       0       0       0       0       0       0       0       0
Total ram usage:       32 bytes
 Hardware stack levels used:    1
 Hardware stack levels required when called:    2
 This function calls:
		Nothing
 This function is called by:
		_setup
 This function uses a non-reentrant model


 *************** function _attachInterrupt *****************
 Defined at:
		line 255 in file "../test/../include/../src/arduim.c"
 Parameters:    Size  Location     Type
  pin             1    wreg     unsigned char 
  callback        2   15[COMRAM] PTR FTN()void 
		 -> counter(0), 
  mode            2   17[COMRAM] int 
 Auto vars:     Size  Location     Type
  pin             1   19[COMRAM] unsigned char 
 Return value:  Size  Location     Type
		None               void
 Registers used:
		wreg, status,2, status,0, cstack
 Tracked objects:
		On entry : 
		On exit  : 
		Unchanged: 
 Data sizes:     COMRAM   BANK0   BANK1   BANK2   BANK3   BANK4   BANK5   BANK6   BANK7
      Params:         4       0       0       0       0       0       0       0       0
      Locals:         1       0       0       0       0       0       0       0       0
      Temps:          0       0       0       0       0       0       0       0       0
      Totals:         5       0       0       0       0       0       0       0       0
Total ram usage:        5 bytes
 Hardware stack levels used:    1
 Hardware stack levels required when called:    3
 This function calls:
		_OpenRB0INT
		_OpenRB1INT
 This function is called by:
		_setup
 This function uses a non-reentrant model


 *************** function _OpenRB1INT *****************
 Defined at:
		line 7 in file "C:\Program Files (x86)\Microchip\xc8\v1.32\sources\pic18\plib\PORTB\rb1open.c"
 Parameters:    Size  Location     Type
  config          1    wreg     unsigned char 
 Auto vars:     Size  Location     Type
  config          1   14[COMRAM] unsigned char 
 Return value:  Size  Location     Type
		None               void
 Registers used:
		wreg
 Tracked objects:
		On entry : 
		On exit  : 
		Unchanged: 
 Data sizes:     COMRAM   BANK0   BANK1   BANK2   BANK3   BANK4   BANK5   BANK6   BANK7
      Params:         0       0       0       0       0       0       0       0       0
      Locals:         1       0       0       0       0       0       0       0       0
      Temps:          0       0       0       0       0       0       0       0       0
      Totals:         1       0       0       0       0       0       0       0       0
Total ram usage:        1 bytes
 Hardware stack levels used:    1
 Hardware stack levels required when called:    2
 This function calls:
		Nothing
 This function is called by:
		_attachInterrupt
		_detachInterrupt
 This function uses a non-reentrant model


 *************** function _OpenRB0INT *****************
 Defined at:
		line 7 in file "C:\Program Files (x86)\Microchip\xc8\v1.32\sources\pic18\plib\PORTB\rb0open.c"
 Parameters:    Size  Location     Type
  config          1    wreg     unsigned char 
 Auto vars:     Size  Location     Type
  config          1   14[COMRAM] unsigned char 
 Return value:  Size  Location     Type
		None               void
 Registers used:
		wreg
 Tracked objects:
		On entry : 
		On exit  : 
		Unchanged: 
 Data sizes:     COMRAM   BANK0   BANK1   BANK2   BANK3   BANK4   BANK5   BANK6   BANK7
      Params:         0       0       0       0       0       0       0       0       0
      Locals:         1       0       0       0       0       0       0       0       0
      Temps:          0       0       0       0       0       0       0       0       0
      Totals:         1       0       0       0       0       0       0       0       0
Total ram usage:        1 bytes
 Hardware stack levels used:    1
 Hardware stack levels required when called:    2
 This function calls:
		Nothing
 This function is called by:
		_attachInterrupt
		_detachInterrupt
 This function uses a non-reentrant model


 *************** function _loop *****************
 Defined at:
		line 28 in file "../test/test_tachometer.c"
 Parameters:    Size  Location     Type
		None
 Auto vars:     Size  Location     Type
  rpm             4   11[BANK0 ] long 
 Return value:  Size  Location     Type
		None               void
 Registers used:
		wreg, fsr0l, fsr0h, fsr2l, fsr2h, status,2, status,0, pclat, tosl, tblptrl, tblptrh, tblptru, prodl, prodh, cstack
 Tracked objects:
		On entry : 
		On exit  : 
		Unchanged: 
 Data sizes:     COMRAM   BANK0   BANK1   BANK2   BANK3   BANK4   BANK5   BANK6   BANK7
      Params:         0       0       0       0       0       0       0       0       0
      Locals:         0       4       0       0       0       0       0       0       0
      Temps:          0       0       0       0       0       0       0       0       0
      Totals:         0       4       0       0       0       0       0       0       0
Total ram usage:        4 bytes
 Hardware stack levels used:    1
 Hardware stack levels required when called:    6
 This function calls:
		___lldiv
		___lmul
		_delay
		_digitalRead
		_digitalWrite
		_lcd_print
		_lcd_printl
		_lcd_set_cursor
 This function is called by:
		_main
 This function uses a non-reentrant model


 *************** function _lcd_set_cursor *****************
 Defined at:
		line 120 in file "../test/../include/../src/lcd.c"
 Parameters:    Size  Location     Type
  column          1    wreg     unsigned char 
  line            1   21[COMRAM] unsigned char 
 Auto vars:     Size  Location     Type
  column          1   22[COMRAM] unsigned char 
 Return value:  Size  Location     Type
		None               void
 Registers used:
		wreg, fsr2l, fsr2h, status,2, status,0, cstack
 Tracked objects:
		On entry : 
		On exit  : 
		Unchanged: 
 Data sizes:     COMRAM   BANK0   BANK1   BANK2   BANK3   BANK4   BANK5   BANK6   BANK7
      Params:         1       0       0       0       0       0       0       0       0
      Locals:         3       0       0       0       0       0       0       0       0
      Temps:          0       0       0       0       0       0       0       0       0
      Totals:         4       0       0       0       0       0       0       0       0
Total ram usage:        4 bytes
 Hardware stack levels used:    1
 Hardware stack levels required when called:    4
 This function calls:
		_lcd_cmd
 This function is called by:
		_setup
		_loop
 This function uses a non-reentrant model


 *************** function _lcd_cmd *****************
 Defined at:
		line 51 in file "../test/../include/../src/lcd.c"
 Parameters:    Size  Location     Type
  cmd             1    wreg     unsigned char 
 Auto vars:     Size  Location     Type
  cmd             1   20[COMRAM] unsigned char 
 Return value:  Size  Location     Type
		None               void
 Registers used:
		wreg, fsr2l, fsr2h, status,2, status,0, cstack
 Tracked objects:
		On entry : 
		On exit  : 
		Unchanged: 
 Data sizes:     COMRAM   BANK0   BANK1   BANK2   BANK3   BANK4   BANK5   BANK6   BANK7
      Params:         0       0       0       0       0       0       0       0       0
      Locals:         1       0       0       0       0       0       0       0       0
      Temps:          0       0       0       0       0       0       0       0       0
      Totals:         1       0       0       0       0       0       0       0       0
Total ram usage:        1 bytes
 Hardware stack levels used:    1
 Hardware stack levels required when called:    3
 This function calls:
		_delayMicroseconds
		_digitalWrite
 This function is called by:
		_lcd_init
		_lcd_clear
		_lcd_set_cursor
 This function uses a non-reentrant model


 *************** function _lcd_printl *****************
 Defined at:
		line 93 in file "../test/../include/../src/lcd.c"
 Parameters:    Size  Location     Type
  l               4   62[COMRAM] long 
 Auto vars:     Size  Location     Type
		None
 Return value:  Size  Location     Type
		None               void
 Registers used:
		wreg, fsr0l, fsr0h, fsr2l, fsr2h, status,2, status,0, tblptrl, tblptrh, tblptru, prodl, prodh, cstack
 Tracked objects:
		On entry : 
		On exit  : 
		Unchanged: 
 Data sizes:     COMRAM   BANK0   BANK1   BANK2   BANK3   BANK4   BANK5   BANK6   BANK7
      Params:         4       0       0       0       0       0       0       0       0
      Locals:         0       0       0       0       0       0       0       0       0
      Temps:          0       0       0       0       0       0       0       0       0
      Totals:         4       0       0       0       0       0       0       0       0
Total ram usage:        4 bytes
 Hardware stack levels used:    1
 Hardware stack levels required when called:    5
 This function calls:
		_lcd_print
		_sprintf
 This function is called by:
		_loop
 This function uses a non-reentrant model


 *************** function _sprintf *****************
 Defined at:
		line 492 in file "C:\Program Files (x86)\Microchip\xc8\v1.32\sources\common\doprnt.c"
 Parameters:    Size  Location     Type
  sp              2   48[COMRAM] PTR unsigned char 
		 -> lcd_printi@fmt(33), lcd_printl@fmt(33), 
  f               2   50[COMRAM] PTR const unsigned char 
		 -> STR_2(3), STR_1(4), 
 Auto vars:     Size  Location     Type
  _val            5    5[BANK0 ] struct .
  ap              2    2[BANK0 ] PTR void [1]
		 -> ?_sprintf(2), 
  prec            2    0[BANK0 ] int 
  c               1   10[BANK0 ] char 
  flag            1    4[BANK0 ] unsigned char 
 Return value:  Size  Location     Type
                  2   48[COMRAM] int 
 Registers used:
		wreg, fsr2l, fsr2h, status,2, status,0, tblptrl, tblptrh, tblptru, prodl, prodh, cstack
 Tracked objects:
		On entry : 
		On exit  : 
		Unchanged: 
 Data sizes:     COMRAM   BANK0   BANK1   BANK2   BANK3   BANK4   BANK5   BANK6   BANK7
      Params:         8       0       0       0       0       0       0       0       0
      Locals:         0      11       0       0       0       0       0       0       0
      Temps:          6       0       0       0       0       0       0       0       0
      Totals:        14      11       0       0       0       0       0       0       0
Total ram usage:       25 bytes
 Hardware stack levels used:    1
 Hardware stack levels required when called:    3
 This function calls:
		___lldiv
		___llmod
 This function is called by:
		_lcd_printl
		_lcd_printi
 This function uses a non-reentrant model


 *************** function ___llmod *****************
 Defined at:
		line 8 in file "C:\Program Files (x86)\Microchip\xc8\v1.32\sources\common\llmod.c"
 Parameters:    Size  Location     Type
  dividend        4   39[COMRAM] unsigned long 
  divisor         4   43[COMRAM] unsigned long 
 Auto vars:     Size  Location     Type
  counter         1   47[COMRAM] unsigned char 
 Return value:  Size  Location     Type
                  4   39[COMRAM] unsigned long 
 Registers used:
		wreg, status,2, status,0
 Tracked objects:
		On entry : 
		On exit  : 
		Unchanged: 
 Data sizes:     COMRAM   BANK0   BANK1   BANK2   BANK3   BANK4   BANK5   BANK6   BANK7
      Params:         8       0       0       0       0       0       0       0       0
      Locals:         1       0       0       0       0       0       0       0       0
      Temps:          0       0       0       0       0       0       0       0       0
      Totals:         9       0       0       0       0       0       0       0       0
Total ram usage:        9 bytes
 Hardware stack levels used:    1
 Hardware stack levels required when called:    2
 This function calls:
		Nothing
 This function is called by:
		_sprintf
 This function uses a non-reentrant model


 *************** function ___lldiv *****************
 Defined at:
		line 8 in file "C:\Program Files (x86)\Microchip\xc8\v1.32\sources\common\lldiv.c"
 Parameters:    Size  Location     Type
  dividend        4   26[COMRAM] unsigned long 
  divisor         4   30[COMRAM] unsigned long 
 Auto vars:     Size  Location     Type
  quotient        4   34[COMRAM] unsigned long 
  counter         1   38[COMRAM] unsigned char 
 Return value:  Size  Location     Type
                  4   26[COMRAM] unsigned long 
 Registers used:
		wreg, status,2, status,0
 Tracked objects:
		On entry : 
		On exit  : 
		Unchanged: 
 Data sizes:     COMRAM   BANK0   BANK1   BANK2   BANK3   BANK4   BANK5   BANK6   BANK7
      Params:         8       0       0       0       0       0       0       0       0
      Locals:         5       0       0       0       0       0       0       0       0
      Temps:          0       0       0       0       0       0       0       0       0
      Totals:        13       0       0       0       0       0       0       0       0
Total ram usage:       13 bytes
 Hardware stack levels used:    1
 Hardware stack levels required when called:    2
 This function calls:
		Nothing
 This function is called by:
		_loop
		_sprintf
 This function uses a non-reentrant model


 *************** function _lcd_print *****************
 Defined at:
		line 87 in file "../test/../include/../src/lcd.c"
 Parameters:    Size  Location     Type
  s               2   21[COMRAM] PTR const unsigned char 
		 -> STR_4(5), STR_3(17), lcd_printc@fmt(2), lcd_printi@fmt(33), 
		 -> lcd_printl@fmt(33), 
 Auto vars:     Size  Location     Type
		None
 Return value:  Size  Location     Type
		None               void
 Registers used:
		wreg, fsr0l, fsr0h, fsr2l, fsr2h, status,2, status,0, tblptrl, tblptrh, tblptru, cstack
 Tracked objects:
		On entry : 
		On exit  : 
		Unchanged: 
 Data sizes:     COMRAM   BANK0   BANK1   BANK2   BANK3   BANK4   BANK5   BANK6   BANK7
      Params:         2       0       0       0       0       0       0       0       0
      Locals:         0       0       0       0       0       0       0       0       0
      Temps:          0       0       0       0       0       0       0       0       0
      Totals:         2       0       0       0       0       0       0       0       0
Total ram usage:        2 bytes
 Hardware stack levels used:    1
 Hardware stack levels required when called:    4
 This function calls:
		_lcd_data
 This function is called by:
		_lcd_printl
		_lcd_printi
		_lcd_printc
		_setup
		_loop
 This function uses a non-reentrant model


 *************** function _lcd_data *****************
 Defined at:
		line 69 in file "../test/../include/../src/lcd.c"
 Parameters:    Size  Location     Type
  data            1    wreg     unsigned char 
 Auto vars:     Size  Location     Type
  data            1   20[COMRAM] unsigned char 
 Return value:  Size  Location     Type
		None               void
 Registers used:
		wreg, fsr2l, fsr2h, status,2, status,0, cstack
 Tracked objects:
		On entry : 
		On exit  : 
		Unchanged: 
 Data sizes:     COMRAM   BANK0   BANK1   BANK2   BANK3   BANK4   BANK5   BANK6   BANK7
      Params:         0       0       0       0       0       0       0       0       0
      Locals:         1       0       0       0       0       0       0       0       0
      Temps:          0       0       0       0       0       0       0       0       0
      Totals:         1       0       0       0       0       0       0       0       0
Total ram usage:        1 bytes
 Hardware stack levels used:    1
 Hardware stack levels required when called:    3
 This function calls:
		_delayMicroseconds
		_digitalWrite
 This function is called by:
		_lcd_print
 This function uses a non-reentrant model


 *************** function _digitalWrite *****************
 Defined at:
		line 105 in file "../test/../include/../src/arduim.c"
 Parameters:    Size  Location     Type
  pin             1    wreg     unsigned char 
  level           1   18[COMRAM] unsigned char 
 Auto vars:     Size  Location     Type
  pin             1   19[COMRAM] unsigned char 
 Return value:  Size  Location     Type
		None               void
 Registers used:
		wreg, status,2, status,0
 Tracked objects:
		On entry : 
		On exit  : 
		Unchanged: 
 Data sizes:     COMRAM   BANK0   BANK1   BANK2   BANK3   BANK4   BANK5   BANK6   BANK7
      Params:         1       0       0       0       0       0       0       0       0
      Locals:         1       0       0       0       0       0       0       0       0
      Temps:          0       0       0       0       0       0       0       0       0
      Totals:         2       0       0       0       0       0       0       0       0
Total ram usage:        2 bytes
 Hardware stack levels used:    1
 Hardware stack levels required when called:    2
 This function calls:
		Nothing
 This function is called by:
		_lcd_init
		_lcd_cmd
		_lcd_data
		_loop
 This function uses a non-reentrant model


 *************** function _delayMicroseconds *****************
 Defined at:
		line 208 in file "../test/../include/../src/arduim.c"
 Parameters:    Size  Location     Type
  time            2   14[COMRAM] unsigned int 
 Auto vars:     Size  Location     Type
  i               2   16[COMRAM] unsigned int 
 Return value:  Size  Location     Type
		None               void
 Registers used:
		wreg, status,2, status,0
 Tracked objects:
		On entry : 
		On exit  : 
		Unchanged: 
 Data sizes:     COMRAM   BANK0   BANK1   BANK2   BANK3   BANK4   BANK5   BANK6   BANK7
      Params:         2       0       0       0       0       0       0       0       0
      Locals:         2       0       0       0       0       0       0       0       0
      Temps:          0       0       0       0       0       0       0       0       0
      Totals:         4       0       0       0       0       0       0       0       0
Total ram usage:        4 bytes
 Hardware stack levels used:    1
 Hardware stack levels required when called:    2
 This function calls:
		Nothing
 This function is called by:
		_lcd_cmd
		_lcd_data
 This function uses a non-reentrant model


 *************** function _digitalRead *****************
 Defined at:
		line 57 in file "../test/../include/../src/arduim.c"
 Parameters:    Size  Location     Type
  pin             1    wreg     unsigned char 
 Auto vars:     Size  Location     Type
  pin             1   17[COMRAM] unsigned char 
 Return value:  Size  Location     Type
                  2   14[COMRAM] int 
 Registers used:
		wreg, status,2, status,0
 Tracked objects:
		On entry : 
		On exit  : 
		Unchanged: 
 Data sizes:     COMRAM   BANK0   BANK1   BANK2   BANK3   BANK4   BANK5   BANK6   BANK7
      Params:         2       0       0       0       0       0       0       0       0
      Locals:         1       0       0       0       0       0       0       0       0
      Temps:          1       0       0       0       0       0       0       0       0
      Totals:         4       0       0       0       0       0       0       0       0
Total ram usage:        4 bytes
 Hardware stack levels used:    1
 Hardware stack levels required when called:    2
 This function calls:
		Nothing
 This function is called by:
		_loop
 This function uses a non-reentrant model


 *************** function _delay *****************
 Defined at:
		line 202 in file "../test/../include/../src/arduim.c"
 Parameters:    Size  Location     Type
  time            4   15[COMRAM] unsigned long 
 Auto vars:     Size  Location     Type
		None
 Return value:  Size  Location     Type
		None               void
 Registers used:
		wreg, status,2, status,0, cstack
 Tracked objects:
		On entry : 
		On exit  : 
		Unchanged: 
 Data sizes:     COMRAM   BANK0   BANK1   BANK2   BANK3   BANK4   BANK5   BANK6   BANK7
      Params:         4       0       0       0       0       0       0       0       0
      Locals:         0       0       0       0       0       0       0       0       0
      Temps:          0       0       0       0       0       0       0       0       0
      Totals:         4       0       0       0       0       0       0       0       0
Total ram usage:        4 bytes
 Hardware stack levels used:    1
 Hardware stack levels required when called:    3
 This function calls:
		_Delay1KTCYx
 This function is called by:
		_lcd_clear
		_loop
 This function uses a non-reentrant model


 *************** function _Delay1KTCYx *****************
 Defined at:
		line 8 in file "C:\Program Files (x86)\Microchip\xc8\v1.32\sources\pic18\d1ktcyx.c"
 Parameters:    Size  Location     Type
  unit            1    wreg     unsigned char 
 Auto vars:     Size  Location     Type
  unit            1   14[COMRAM] unsigned char 
 Return value:  Size  Location     Type
		None               void
 Registers used:
		wreg
 Tracked objects:
		On entry : 
		On exit  : 
		Unchanged: 
 Data sizes:     COMRAM   BANK0   BANK1   BANK2   BANK3   BANK4   BANK5   BANK6   BANK7
      Params:         0       0       0       0       0       0       0       0       0
      Locals:         1       0       0       0       0       0       0       0       0
      Temps:          0       0       0       0       0       0       0       0       0
      Totals:         1       0       0       0       0       0       0       0       0
Total ram usage:        1 bytes
 Hardware stack levels used:    1
 Hardware stack levels required when called:    2
 This function calls:
		Nothing
 This function is called by:
		_delay
 This function uses a non-reentrant model


 *************** function ___lmul *****************
 Defined at:
		line 15 in file "C:\Program Files (x86)\Microchip\xc8\v1.32\sources\common\Umul32.c"
 Parameters:    Size  Location     Type
  multiplier      4   14[COMRAM] unsigned long 
  multiplicand    4   18[COMRAM] unsigned long 
 Auto vars:     Size  Location     Type
  product         4   22[COMRAM] unsigned long 
 Return value:  Size  Location     Type
                  4   14[COMRAM] unsigned long 
 Registers used:
		wreg, status,2, status,0
 Tracked objects:
		On entry : 
		On exit  : 
		Unchanged: 
 Data sizes:     COMRAM   BANK0   BANK1   BANK2   BANK3   BANK4   BANK5   BANK6   BANK7
      Params:         8       0       0       0       0       0       0       0       0
      Locals:         4       0       0       0       0       0       0       0       0
      Temps:          0       0       0       0       0       0       0       0       0
      Totals:        12       0       0       0       0       0       0       0       0
Total ram usage:       12 bytes
 Hardware stack levels used:    1
 Hardware stack levels required when called:    2
 This function calls:
		Nothing
 This function is called by:
		_loop
 This function uses a non-reentrant model


 *************** function _ArduimInterruptHandler *****************
 Defined at:
		line 295 in file "../test/../include/../src/arduim.c"
 Parameters:    Size  Location     Type
		None
 Auto vars:     Size  Location     Type
		None
 Return value:  Size  Location     Type
		None               void
 Registers used:
		wreg, fsr2l, fsr2h, status,2, status,0, pclat, tosl, cstack
 Tracked objects:
		On entry : 
		On exit  : 
		Unchanged: 
 Data sizes:     COMRAM   BANK0   BANK1   BANK2   BANK3   BANK4   BANK5   BANK6   BANK7
      Params:         0       0       0       0       0       0       0       0       0
      Locals:         0       0       0       0       0       0       0       0       0
      Temps:         14       0       0       0       0       0       0       0       0
      Totals:        14       0       0       0       0       0       0       0       0
Total ram usage:       14 bytes
 Hardware stack levels used:    1
 Hardware stack levels required when called:    1
 This function calls:
		Absolute function
		_counter
 This function is called by:
		Interrupt level 2
 This function uses a non-reentrant model


 *************** function _counter *****************
 Defined at:
		line 9 in file "../test/test_tachometer.c"
 Parameters:    Size  Location     Type
		None
 Auto vars:     Size  Location     Type
		None
 Return value:  Size  Location     Type
		None               void
 Registers used:
		wreg, status,2, status,0
 Tracked objects:
		On entry : 
		On exit  : 
		Unchanged: 
 Data sizes:     COMRAM   BANK0   BANK1   BANK2   BANK3   BANK4   BANK5   BANK6   BANK7
      Params:         0       0       0       0       0       0       0       0       0
      Locals:         0       0       0       0       0       0       0       0       0
      Temps:          0       0       0       0       0       0       0       0       0
      Totals:         0       0       0       0       0       0       0       0       0
Total ram usage:        0 bytes
 Hardware stack levels used:    1
 This function calls:
		Nothing
 This function is called by:
		_setup
		_ArduimInterruptHandler
 This function uses a non-reentrant model



MODULE INFORMATION

Module		Function		Class		Link	Load	Size
../test/../include/../src/arduim.c
		_delay         		CODE           	18DC	0000	32
		_delayMicroseco		CODE           	1884	0000	46
		_main          		CODE           	1954	0000	10
		_digitalRead   		CODE           	0F54	0000	418
		_digitalWrite  		CODE           	0AC8	0000	600
		_attachInterrup		CODE           	15F0	0000	104
		_pinMode       		CODE           	0D20	0000	564
		_ArduimInterrup		CODE           	0808	0000	2952

../test/../include/../src/arduim.c estimated size: 4726

../test/../include/../src/lcd.c
		_lcd_get       		CODE           	181C	0000	56
		_lcd_cmd       		CODE           	1432	0000	158
		_lcd_data      		CODE           	14D0	0000	158
		_lcd_set_cursor		CODE           	18B2	0000	42
		_lcd_clear     		CODE           	18FC	0000	28
		_lcd_print     		CODE           	1714	0000	82
		_lcd_printl    		CODE           	17E2	0000	58
		_lcd_select    		CODE           	1938	0000	14
		_lcd_init      		CODE           	122C	0000	188

../test/../include/../src/lcd.c estimated size: 784

C:\Program Files (x86)\Microchip\xc8\v1.32\sources\common\llmod.c
		___llmod       		CODE           	1658	0000	102

C:\Program Files (x86)\Microchip\xc8\v1.32\sources\common\llmod.c estimated size: 102

C:\Program Files (x86)\Microchip\xc8\v1.32\sources\common\doprnt.c
		_sprintf       		CODE           	0864	0000	612

C:\Program Files (x86)\Microchip\xc8\v1.32\sources\common\doprnt.c estimated size: 612

C:\Program Files (x86)\Microchip\xc8\v1.32\sources\pic18\plib\PORTB\rb0open.c
		_OpenRB0INT    		CODE           	1854	0000	48

C:\Program Files (x86)\Microchip\xc8\v1.32\sources\pic18\plib\PORTB\rb0open.c estimated size: 48

C:\Program Files (x86)\Microchip\xc8\v1.32\sources\common\lldiv.c
		___lldiv       		CODE           	156E	0000	130

C:\Program Files (x86)\Microchip\xc8\v1.32\sources\common\lldiv.c estimated size: 130

C:\Program Files (x86)\Microchip\xc8\v1.32\sources\pic18\d1ktcyx.c
		_Delay1KTCYx   		CODE           	1918	0000	16

C:\Program Files (x86)\Microchip\xc8\v1.32\sources\pic18\d1ktcyx.c estimated size: 16

../test/test_tachometer.c
		_loop          		CODE           	10F6	0000	310
		_counter       		CODE           	1946	0000	14
		_setup         		CODE           	1390	0000	162

../test/test_tachometer.c estimated size: 486

shared
		__stringdata   		SMALLCONST     	0845	0000	29
		_dpowers       		SMALLCONST     	081D	0000	40
		__initializatio		CODE           	1766	0000	56

shared estimated size: 125

C:\Program Files (x86)\Microchip\xc8\v1.32\sources\common\Umul32.c
		___lmul        		CODE           	16BE	0000	86

C:\Program Files (x86)\Microchip\xc8\v1.32\sources\common\Umul32.c estimated size: 86

C:\Program Files (x86)\Microchip\xc8\v1.32\sources\pic18\plib\PORTB\rb1open.c
		_OpenRB1INT    		CODE           	17A8	0000	58

C:\Program Files (x86)\Microchip\xc8\v1.32\sources\pic18\plib\PORTB\rb1open.c estimated size: 58

